
> manifest-ghost-palette@30.4.0 dev
> concurrently "npm run dev:backend" "npm run dev:frontend"

[0]
[0] > manifest-ghost-palette@30.4.0 dev:backend
[0] > nodemon backend/server.js
[0]
[1]
[1] > manifest-ghost-palette@30.4.0 dev:frontend
[1] > cd frontend && vite
[1]
[0] [33m[nodemon] 3.1.14[39m
[0] [33m[nodemon] to restart at any time, enter `rs`[39m
[0] [33m[nodemon] watching path(s): *.*[39m
[0] [33m[nodemon] watching extensions: js,mjs,cjs,json[39m
[0] [32m[nodemon] starting `node backend/server.js`[39m
[0] [32m[nodemon] restarting due to changes...[39m
[0] [32m[nodemon] starting `node backend/server.js`[39m
[0] [32m[nodemon] restarting due to changes...[39m
[0] [32m[nodemon] starting `node backend/server.js`[39m
[1]
[1]   VITE v5.4.21  ready in 806 ms
[1]
[1]   ➜  Local:   http://localhost:5173/
[1]   ➜  Network: use --host to expose
[0] (node:201788) [DEP0040] DeprecationWarning: The `punycode` module is deprecated. Please use a userland alternative instead.
[0] (Use `node --trace-deprecation ...` to show where the warning was created)
[0] [v30.4 Handwriting] Server Running. Port: 3000
[0] DB Error: AggregateError [ECONNREFUSED]:
[0]     at /app/node_modules/pg-pool/index.js:45:11
[0]     at process.processTicksAndRejections (node:internal/process/task_queues:103:5)
[0]     at async initDB (file:///app/backend/db/index.js:17:9) {
[0]   code: 'ECONNREFUSED',
[0]   [errors]: [
[0]     Error: connect ECONNREFUSED ::1:5432
[0]         at createConnectionError (node:net:1678:14)
[0]         at afterConnectMultiple (node:net:1708:16) {
[0]       errno: -111,
[0]       code: 'ECONNREFUSED',
[0]       syscall: 'connect',
[0]       address: '::1',
[0]       port: 5432
[0]     },
[0]     Error: connect ECONNREFUSED 127.0.0.1:5432
[0]         at createConnectionError (node:net:1678:14)
[0]         at afterConnectMultiple (node:net:1708:16) {
[0]       errno: -111,
[0]       code: 'ECONNREFUSED',
[0]       syscall: 'connect',
[0]       address: '127.0.0.1',
[0]       port: 5432
[0]     }
[0]   ]
[0] }
[1] 12:16:33 AM [vite-plugin-svelte] /app/frontend/src/components/TaskEditModal.svelte:122:16 A11y: A form label must be associated with a control.
[1] 12:16:33 AM [vite-plugin-svelte] /app/frontend/src/components/TaskEditModal.svelte:126:16 A11y: A form label must be associated with a control.
[1] 12:16:33 AM [vite-plugin-svelte] /app/frontend/src/components/TaskEditModal.svelte:142:16 A11y: A form label must be associated with a control.
[1] 12:16:33 AM [vite-plugin-svelte] /app/frontend/src/components/TaskEditModal.svelte:216:16 A11y: A form label must be associated with a control.
[1] 12:16:34 AM [vite-plugin-svelte] /app/frontend/src/views/ListView.svelte:97:4 A11y: A form label must be associated with a control.
[1] 12:16:34 AM [vite-plugin-svelte] /app/frontend/src/views/ListView.svelte:111:12 A11y: visible, non-interactive elements with an on:click event must be accompanied by a keyboard event handler. Consider whether an interactive element such as <button type="button"> or <a> might be more appropriate. See https://svelte.dev/docs/accessibility-warnings#a11y-click-events-have-key-events for more details.
[1] 12:16:34 AM [vite-plugin-svelte] /app/frontend/src/views/ListView.svelte:111:12 A11y: <div> with click handler must have an ARIA role
[0] [32m[nodemon] restarting due to changes...[39m
[0] [32m[nodemon] starting `node backend/server.js`[39m
[0] (node:261337) [DEP0040] DeprecationWarning: The `punycode` module is deprecated. Please use a userland alternative instead.
[0] (Use `node --trace-deprecation ...` to show where the warning was created)
[0] [v30.4 Handwriting] Server Running. Port: 3000
[0] DB Error: AggregateError [ECONNREFUSED]:
[0]     at /app/node_modules/pg-pool/index.js:45:11
[0]     at process.processTicksAndRejections (node:internal/process/task_queues:103:5)
[0]     at async initDB (file:///app/backend/db/index.js:17:9) {
[0]   code: 'ECONNREFUSED',
[0]   [errors]: [
[0]     Error: connect ECONNREFUSED ::1:5432
[0]         at createConnectionError (node:net:1678:14)
[0]         at afterConnectMultiple (node:net:1708:16) {
[0]       errno: -111,
[0]       code: 'ECONNREFUSED',
[0]       syscall: 'connect',
[0]       address: '::1',
[0]       port: 5432
[0]     },
[0]     Error: connect ECONNREFUSED 127.0.0.1:5432
[0]         at createConnectionError (node:net:1678:14)
[0]         at afterConnectMultiple (node:net:1708:16) {
[0]       errno: -111,
[0]       code: 'ECONNREFUSED',
[0]       syscall: 'connect',
[0]       address: '127.0.0.1',
[0]       port: 5432
[0]     }
[0]   ]
[0] }
[0] [32m[nodemon] restarting due to changes...[39m
[0] [32m[nodemon] starting `node backend/server.js`[39m
[0] [32m[nodemon] restarting due to changes...[39m
[0] [32m[nodemon] starting `node backend/server.js`[39m
[0] (node:269115) [DEP0040] DeprecationWarning: The `punycode` module is deprecated. Please use a userland alternative instead.
[0] (Use `node --trace-deprecation ...` to show where the warning was created)
[0] [v30.4 Handwriting] Server Running. Port: 3000
[0] DB Error: AggregateError [ECONNREFUSED]:
[0]     at /app/node_modules/pg-pool/index.js:45:11
[0]     at process.processTicksAndRejections (node:internal/process/task_queues:103:5)
[0]     at async initDB (file:///app/backend/db/index.js:17:9) {
[0]   code: 'ECONNREFUSED',
[0]   [errors]: [
[0]     Error: connect ECONNREFUSED ::1:5432
[0]         at createConnectionError (node:net:1678:14)
[0]         at afterConnectMultiple (node:net:1708:16) {
[0]       errno: -111,
[0]       code: 'ECONNREFUSED',
[0]       syscall: 'connect',
[0]       address: '::1',
[0]       port: 5432
[0]     },
[0]     Error: connect ECONNREFUSED 127.0.0.1:5432
[0]         at createConnectionError (node:net:1678:14)
[0]         at afterConnectMultiple (node:net:1708:16) {
[0]       errno: -111,
[0]       code: 'ECONNREFUSED',
[0]       syscall: 'connect',
[0]       address: '127.0.0.1',
[0]       port: 5432
[0]     }
[0]   ]
[0] }
[0] [32m[nodemon] restarting due to changes...[39m
[0] [32m[nodemon] restarting due to changes...[39m
[0] [32m[nodemon] starting `node backend/server.js`[39m
[0] [32m[nodemon] restarting due to changes...[39m
[0] [32m[nodemon] restarting due to changes...[39m
[0] [32m[nodemon] restarting due to changes...[39m
[0] [32m[nodemon] restarting due to changes...[39m
[0] [32m[nodemon] restarting due to changes...[39m
[0] [32m[nodemon] restarting due to changes...[39m
[0] [32m[nodemon] restarting due to changes...[39m
[0] [32m[nodemon] starting `node backend/server.js`[39m
[0] [32m[nodemon] restarting due to changes...[39m
[0] [32m[nodemon] restarting due to changes...[39m
[0] [32m[nodemon] restarting due to changes...[39m
[0] [32m[nodemon] restarting due to changes...[39m
[0] [32m[nodemon] restarting due to changes...[39m
[0] [32m[nodemon] restarting due to changes...[39m
[0] [32m[nodemon] restarting due to changes...[39m
[0] [32m[nodemon] starting `node backend/server.js`[39m
[0] (node:270745) [DEP0040] DeprecationWarning: The `punycode` module is deprecated. Please use a userland alternative instead.
[0] (Use `node --trace-deprecation ...` to show where the warning was created)
[0] [v30.4 Handwriting] Server Running. Port: 3000
[0] DB Error: AggregateError [ECONNREFUSED]:
[0]     at /app/node_modules/pg-pool/index.js:45:11
[0]     at process.processTicksAndRejections (node:internal/process/task_queues:103:5)
[0]     at async initDB (file:///app/backend/db/index.js:17:9) {
[0]   code: 'ECONNREFUSED',
[0]   [errors]: [
[0]     Error: connect ECONNREFUSED ::1:5432
[0]         at createConnectionError (node:net:1678:14)
[0]         at afterConnectMultiple (node:net:1708:16) {
[0]       errno: -111,
[0]       code: 'ECONNREFUSED',
[0]       syscall: 'connect',
[0]       address: '::1',
[0]       port: 5432
[0]     },
[0]     Error: connect ECONNREFUSED 127.0.0.1:5432
[0]         at createConnectionError (node:net:1678:14)
[0]         at afterConnectMultiple (node:net:1708:16) {
[0]       errno: -111,
[0]       code: 'ECONNREFUSED',
[0]       syscall: 'connect',
[0]       address: '127.0.0.1',
[0]       port: 5432
[0]     }
[0]   ]
[0] }
