
> manifest-ghost-palette@30.4.0 dev
> concurrently "npm run dev:backend" "npm run dev:frontend"

[1]
[1] > manifest-ghost-palette@30.4.0 dev:frontend
[1] > cd frontend && vite
[1]
[0]
[0] > manifest-ghost-palette@30.4.0 dev:backend
[0] > nodemon backend/server.js
[0]
[0] [33m[nodemon] 3.1.14[39m
[0] [33m[nodemon] to restart at any time, enter `rs`[39m
[0] [33m[nodemon] watching path(s): *.*[39m
[0] [33m[nodemon] watching extensions: js,mjs,cjs,json[39m
[0] [32m[nodemon] starting `node backend/server.js`[39m
[0] [32m[nodemon] restarting due to changes...[39m
[0] [32m[nodemon] starting `node backend/server.js`[39m
[1] Forced re-optimization of dependencies
[0] [32m[nodemon] restarting due to changes...[39m
[1]
[1]   VITE v5.4.21  ready in 828 ms
[1]
[1]   ➜  Local:   http://localhost:5173/
[1]   ➜  Network: use --host to expose
[0] [32m[nodemon] starting `node backend/server.js`[39m
[0] (node:109154) [DEP0040] DeprecationWarning: The `punycode` module is deprecated. Please use a userland alternative instead.
[0] (Use `node --trace-deprecation ...` to show where the warning was created)
[0] [v30.4 Handwriting] Server Running. Port: 3000
[0] DB Error: AggregateError [ECONNREFUSED]:
[0]     at /app/node_modules/pg-pool/index.js:45:11
[0]     at process.processTicksAndRejections (node:internal/process/task_queues:103:5)
[0]     at async initDB (file:///app/backend/db/index.js:17:9) {
[0]   code: 'ECONNREFUSED',
[0]   [errors]: [
[0]     Error: connect ECONNREFUSED ::1:5432
[0]         at createConnectionError (node:net:1678:14)
[0]         at afterConnectMultiple (node:net:1708:16) {
[0]       errno: -111,
[0]       code: 'ECONNREFUSED',
[0]       syscall: 'connect',
[0]       address: '::1',
[0]       port: 5432
[0]     },
[0]     Error: connect ECONNREFUSED 127.0.0.1:5432
[0]         at createConnectionError (node:net:1678:14)
[0]         at afterConnectMultiple (node:net:1708:16) {
[0]       errno: -111,
[0]       code: 'ECONNREFUSED',
[0]       syscall: 'connect',
[0]       address: '127.0.0.1',
[0]       port: 5432
[0]     }
[0]   ]
[0] }
[0] [31m[nodemon] app crashed - waiting for file changes before starting...[39m
[1] npm run dev:frontend exited with code 0
[0] [32m[nodemon] restarting due to changes...[39m
[0] [32m[nodemon] starting `node backend/server.js`[39m
[0] [32m[nodemon] restarting due to changes...[39m
[0] [32m[nodemon] starting `node backend/server.js`[39m
[0] [32m[nodemon] restarting due to changes...[39m
[0] [32m[nodemon] starting `node backend/server.js`[39m
[0] (node:151501) [DEP0040] DeprecationWarning: The `punycode` module is deprecated. Please use a userland alternative instead.
[0] (Use `node --trace-deprecation ...` to show where the warning was created)
[0] node:events:497
[0]       throw er; // Unhandled 'error' event
[0]       ^
[0]
[0] Error: listen EADDRINUSE: address already in use :::3000
[0]     at Server.setupListenHandle [as _listen2] (node:net:1940:16)
[0]     at listenInCluster (node:net:1997:12)
[0]     at Server.listen (node:net:2102:7)
[0]     at file:///app/backend/server.js:51:8
[0]     at ModuleJob.run (node:internal/modules/esm/module_job:343:25)
[0]     at process.processTicksAndRejections (node:internal/process/task_queues:103:5)
[0]     at async onImport.tracePromise.__proto__ (node:internal/modules/esm/loader:665:26)
[0]     at async asyncRunEntryPointWithESMLoader (node:internal/modules/run_main:117:5)
[0] Emitted 'error' event on Server instance at:
[0]     at emitErrorNT (node:net:1976:8)
[0]     at process.processTicksAndRejections (node:internal/process/task_queues:89:21) {
[0]   code: 'EADDRINUSE',
[0]   errno: -98,
[0]   syscall: 'listen',
[0]   address: '::',
[0]   port: 3000
[0] }
[0]
[0] Node.js v22.22.1
[0] [31m[nodemon] app crashed - waiting for file changes before starting...[39m
